// Vitest Snapshot v1, https://vitest.dev/guide/snapshot.html

exports[`e2e:log/reporters > should expose public api 1`] = `
[
  "Reporter",
  "BaseReporter",
  "FancyReporter",
]
`;
