// Vitest Snapshot v1, https://vitest.dev/guide/snapshot.html

exports[`e2e:log/core > should expose public api 1`] = `
[
  "logLevels",
  "createLogger",
]
`;
